// Jest Snapshot v1, https://goo.gl/fbAQLP

exports[`<App /> renders correctly 1`] = `
<View
  collapsable={false}
  pointerEvents="box-none"
  style={
    Object {
      "flex": 1,
    }
  }
>
  <View
    style={
      Object {
        "height": "100%",
        "justifyContent": "center",
        "width": "100%",
      }
    }
  >
    <ActivityIndicator
      size="large"
    />
  </View>
</View>
`;
